// Jest Snapshot v1, https://goo.gl/fbAQLP

exports[`renders correctly 1`] = `
<View
  style={
    Array [
      Object {
        "flex": 1,
        "height": 1334,
      },
      Object {
        "backgroundColor": "#FBFAFA",
        "paddingTop": 60,
      },
    ]
  }
  virtual={undefined}
>
  <RCTScrollView
    automaticallyAdjustContentInsets={false}
    contentInset={
      Object {
        "bottom": 0,
      }
    }
    enableAutoAutomaticScroll={true}
    enableResetScrollToCoords={true}
    extraHeight={75}
    extraScrollHeight={0}
    keyboardDismissMode="interactive"
    keyboardOpeningTime={250}
    onScroll={[Function]}
    resetScrollToCoords={
      Object {
        "x": 0,
        "y": 0,
      }
    }
    scrollEventThrottle={0}
    showsVerticalScrollIndicator={true}
    style={
      Object {
        "backgroundColor": "transparent",
        "flex": 1,
      }
    }
    virtual={undefined}
  >
    <View>
      <Text
        accessible={true}
        allowFontScaling={true}
        ellipsizeMode="tail"
        style={
          Object {
            "color": "#000",
            "fontFamily": "System",
            "fontSize": 16,
          }
        }
        uppercase={false}
        virtual={undefined}
      >
        BlankPage
      </Text>
    </View>
  </RCTScrollView>
</View>
`;
